Copyright 1986-2019 Xilinx, Inc. All Rights Reserved.
-----------------------------------------------------------------------------------------------------------------------------
| Tool Version : Vivado v.2019.1_EP06_159265 (lin64) Build 0 Fri Oct 11 16:37:07 PDT 2019
| Date         : Wed Apr 19 01:08:32 2023
| Host         : csce-quinn-s1.engr.tamu.edu running 64-bit Red Hat Enterprise Linux Server release 7.9 (Maipo)
| Command      : report_design_analysis -congestion -file ./fpga_reports/vivado/report_design_analysis__place_congestion.rpt
| Design       : fx_top
| Device       : xc7v2000t
| Design State : Fully Placed
-----------------------------------------------------------------------------------------------------------------------------

Report Design Analysis

Table of Contents
-----------------
1. Placer Final Level Congestion Reporting
2. SLR Net Crossing Reporting

1. Placer Final Level Congestion Reporting
------------------------------------------

+-----------+-------+------------+--------+---------------+---------------+-----+--------+------+------+------+-----+-------+-----+------------+
| Direction | Level | Congestion | Window | Combined LUTs | Avg LUT Input | LUT | LUTRAM | Flop | MUXF | RAMB | DSP | CARRY | SRL | Cell Names |
+-----------+-------+------------+--------+---------------+---------------+-----+--------+------+------+------+-----+-------+-----+------------+


2. SLR Net Crossing Reporting
-----------------------------

+------------+-----------------------------+-------------+-------------+-------------+-------------+-------------+-------------+
| Cell Names | Number of Nets crossing SLR | 0 - 1 Cuts  | 0 - 2 Cuts  | 0 - 3 Cuts  | 1 - 2 Cuts  | 1 - 3 Cuts  | 2 - 3 Cuts  |
+------------+-----------------------------+-------------+-------------+-------------+-------------+-------------+-------------+
| design     | 7                           | 2           | 0           | 2           | 1           | 2           | 0           |
+------------+-----------------------------+-------------+-------------+-------------+-------------+-------------+-------------+


